C:\Users\avery\Documents\MCUXpressoIDE_24.9.25\workspace\LPC55S69_Project\drivers/fsl_clock.h:983:20:CLOCK_EnableClock	24	static
C:\Users\avery\Documents\MCUXpressoIDE_24.9.25\workspace\LPC55S69_Project\drivers/fsl_iocon.h:182:22:IOCON_PinMuxSet	24	static
../source/LPC55S69_Project.c:33:6:SPI_Callback	24	static
../source/LPC55S69_Project.c:39:5:main	24	static
../source/LPC55S69_Project.c:88:6:InitPins	16	static
../source/LPC55S69_Project.c:102:6:ConfigureSPIPins	8	static
../source/LPC55S69_Project.c:119:6:ConfigureSPI	32	static
